// Jest Snapshot v1, https://goo.gl/fbAQLP

exports[`renders SearchResult correctly 1`] = `
<li
  className="search-result"
>
  <h1
    className="search-result_title"
  >
    No title was found
  </h1>
  <a
    className="search-result_url"
    href="This Site has no URL"
  >
    This Site has no URL
  </a>
  <p
    className="search-result_description"
  >
    No description available
  </p>
</li>
`;
