// Jest Snapshot v1, https://goo.gl/fbAQLP

exports[`renders SearchEngine correctly 1`] = `
<div
  className="ese-search-engine_wrapper"
>
  <div
    className="ese-search-engine"
  >
    <SearchFormWrapper />
  </div>
</div>
`;
