// Jest Snapshot v1, https://goo.gl/fbAQLP

exports[`renders Body correctly 1`] = `
<div>
  <UNDEFINED>
    Emotional Search Engine
  </UNDEFINED>
  <searchEngine />
  <ResultsSection />
</div>
`;
