// Jest Snapshot v1, https://goo.gl/fbAQLP

exports[`renders MainHeader correctly 1`] = `
<h1
  className="ese-main-header"
  onMouseOver={[Function]}
  style={
    Object {
      "color": "#4688F1",
    }
  }
>
  Here goes a title
</h1>
`;
